components/ui/calendar.tsx(45,9): error TS2353: Object literal may only specify known properties, and 'IconLeft' does not exist in type 'Partial<CustomComponents>'.
components/ui/chart.tsx(106,7): error TS2339: Property 'payload' does not exist on type 'Omit<Omit<Props<ValueType, NameType>, PropertiesReadFromContext> & { active?: boolean | undefined; allowEscapeViewBox?: AllowInDimension | undefined; ... 17 more ...; wrapperStyle?: CSSProperties | undefined; } & ClassAttributes<...> & HTMLAttributes<...> & { ...; }, "ref">'.
components/ui/chart.tsx(111,7): error TS2339: Property 'label' does not exist on type 'Omit<Omit<Props<ValueType, NameType>, PropertiesReadFromContext> & { active?: boolean | undefined; allowEscapeViewBox?: AllowInDimension | undefined; ... 17 more ...; wrapperStyle?: CSSProperties | undefined; } & ClassAttributes<...> & HTMLAttributes<...> & { ...; }, "ref">'.
components/ui/chart.tsx(163,25): error TS7006: Parameter 'item' implicitly has an 'any' type.
components/ui/chart.tsx(163,31): error TS7006: Parameter 'index' implicitly has an 'any' type.
components/ui/chart.tsx(233,41): error TS2344: Type '"payload" | "verticalAlign"' does not satisfy the constraint '"string" | "media" | "spacing" | "order" | "height" | "width" | "rotate" | "scale" | "cursor" | "fill" | "stroke" | "strokeWidth" | "fontFamily" | "fontSize" | "fontWeight" | "letterSpacing" | ... 430 more ... | "onBBoxUpdate"'.
  Type '"payload"' is not assignable to type '"string" | "media" | "spacing" | "order" | "height" | "width" | "rotate" | "scale" | "cursor" | "fill" | "stroke" | "strokeWidth" | "fontFamily" | "fontSize" | "fontWeight" | "letterSpacing" | ... 430 more ... | "onBBoxUpdate"'.
components/ui/chart.tsx(240,17): error TS2339: Property 'length' does not exist on type '{}'.
components/ui/chart.tsx(249,16): error TS2339: Property 'map' does not exist on type '{}'.
components/ui/chart.tsx(249,21): error TS7006: Parameter 'item' implicitly has an 'any' type.
components/ui/resizable.tsx(6,102): error TS2339: Property 'PanelGroup' does not exist on type 'typeof import("C:/Users/HP/OneDrive/Desktop/Binzagr/coroelevate-next/node_modules/react-resizable-panels/dist/react-resizable-panels")'.
components/ui/resizable.tsx(7,23): error TS2339: Property 'PanelGroup' does not exist on type 'typeof import("C:/Users/HP/OneDrive/Desktop/Binzagr/coroelevate-next/node_modules/react-resizable-panels/dist/react-resizable-panels")'.
components/ui/resizable.tsx(19,51): error TS2339: Property 'PanelResizeHandle' does not exist on type 'typeof import("C:/Users/HP/OneDrive/Desktop/Binzagr/coroelevate-next/node_modules/react-resizable-panels/dist/react-resizable-panels")'.
components/ui/resizable.tsx(22,23): error TS2339: Property 'PanelResizeHandle' does not exist on type 'typeof import("C:/Users/HP/OneDrive/Desktop/Binzagr/coroelevate-next/node_modules/react-resizable-panels/dist/react-resizable-panels")'.
components/ui/resizable.tsx(34,24): error TS2339: Property 'PanelResizeHandle' does not exist on type 'typeof import("C:/Users/HP/OneDrive/Desktop/Binzagr/coroelevate-next/node_modules/react-resizable-panels/dist/react-resizable-panels")'.
hooks/use-counter.ts(12,20): error TS2554: Expected 1 arguments, but got 0.
